[www.imperial.ac.uk/index.html]
[backblue.gif]
[fade.gif]
[index.html]
[cdn-ukwest.onetrust.com/consent/6d9efb9d-b605-406f-b8b3-c9644859d064/OtAutoBlock.js]
[cdn-ukwest.onetrust.com/scripttemplates/otSDKStub.js]
[www.imperial.ac.uk/assets/website/fonts/icons/fonts/imperial-icons4a5a.woff]
[www.imperial.ac.uk/assets/website/fonts/fira-sans/FiraSans-Regular.woff2]
[www.imperial.ac.uk/assets/website/fonts/fira-sans/FiraSans-Bold.woff2]
[www.imperial.ac.uk/assets/website/stylesheets/css/screen.1.27.22.css]
[www.imperial.ac.uk/assets/website/stylesheets/css/color-themes.1.27.22.css]
[www.imperial.ac.uk/assets/website/stylesheets/css/print.1.27.22.css]
[www.imperial.ac.uk/assets/website/images/favicon/favicon.ico]
[www.imperial.ac.uk/assets/website/images/favicon/favicon-32.png]
[www.imperial.ac.uk/assets/website/images/favicon/favicon-57.png]
[www.imperial.ac.uk/assets/website/images/favicon/favicon-76.png]
[www.imperial.ac.uk/assets/website/images/favicon/favicon-96.png]
[www.imperial.ac.uk/assets/website/images/favicon/favicon-128.png]
[www.imperial.ac.uk/assets/website/images/favicon/favicon-192.png]
[www.imperial.ac.uk/assets/website/images/favicon/favicon-228.png]
[www.imperial.ac.uk/assets/website/images/favicon/favicon-196.png]
[www.imperial.ac.uk/assets/website/images/favicon/favicon-120.png]
[www.imperial.ac.uk/assets/website/images/favicon/favicon-152.png]
[www.imperial.ac.uk/assets/website/images/favicon/favicon-180.png]
[www.imperial.ac.uk/assets/website/js/lib/jquery3.min.js]
[www.imperial.ac.uk/assets/website/js/build/application.1.27.22.min.js]
[www.imperial.ac.uk/about-the-site/accessibility/index.html]
[www.imperial.ac.uk/news/240814/sustainable-make-breast-cancer-drug-could/index.html]
[www.imperial.ac.uk/ImageCropToolT4/imageTool/uploaded-images/newseventsimage_1666364043517_collegeheader2017_x1.jpg]
[www.imperial.ac.uk/news/240852/new-label-proteins-could-help-track/index.html]
[www.imperial.ac.uk/ImageCropToolT4/imageTool/uploaded-images/newseventsimage_1666607383628_collegeheader2017_x1.jpg]
[www.imperial.ac.uk/news/240532/imperial-entrepreneurs-showcase-their-startups-london/index.html]
[www.imperial.ac.uk/ImageCropToolT4/imageTool/uploaded-images/newseventsimage_1666083279619_collegeheader2017_x1.jpg]
[pxl-imperialacuk.terminalfour.net/prod01/channel_2/media/migration/style-assets/study-1_1620212654905_x4.jpg]
[www.imperial.ac.uk/study/index.html]
[www.imperial.ac.uk/study/ug/index.html]
[www.imperial.ac.uk/study/ug/courses/index.html]
[pxl-imperialacuk.terminalfour.net/prod01/channel_2/media/migration/style-assets/study-2_1620212679457_x4.jpg]
[pxl-imperialacuk.terminalfour.net/prod01/channel_2/media/migration/style-assets/study-3_1630920279967_x4.jpg]
[www.imperial.ac.uk/study/ug/apply/index.html]
[www.imperial.ac.uk/study/ug/fees-and-funding/index.html]
[pxl-imperialacuk.terminalfour.net/prod01/channel_2/media/migration/style-assets/research-1_1620212412235_x4.jpg]
[www.imperial.ac.uk/students/accommodation/prospective/ug/index.html]
[www.imperial.ac.uk/study/study-guide/index.html]
[pxl-imperialacuk.terminalfour.net/prod01/channel_2/media/migration/style-assets/research-2_1620212446149_x4.jpg]
[pxl-imperialacuk.terminalfour.net/prod01/channel_2/media/migration/style-assets/181101_natwilai_pae_drone_entrepreneur_031-(1)--t_1542107706895_x1--tojpeg_1557236663888_x4.jpg]
[www.imperial.ac.uk/study/ug/visit/index.html]
[www.imperial.ac.uk/study/pg/index.html]
[www.imperial.ac.uk/study/pg/courses/index.html]
[www.imperial.ac.uk/study/pg/courses/doctoral-courses/index.html]
[www.imperial.ac.uk/study/pg/apply/index.html]
[www.imperial.ac.uk/news.html]
[www.imperial.ac.uk/study/pg/fees-and-funding/index.html]
[pxl-imperialacuk.terminalfour.net/prod01/channel_2/media/images/non-standard-dimensions/9-things-homepage-image-extended_1642525037027_x4-(1).jpg]
[www.imperial.ac.uk/study/pg/visit/index.html]
[www.imperial.ac.uk/students/accommodation/prospective/pg/index.html]
[pxl-imperialacuk.terminalfour.net/prod01/channel_2/media/images/non-standard-dimensions/Screenshot-2022-10-06-at-16.07.52.png]
[www.imperial.ac.uk/study/pg/courses/study-guide/index.html]
[pxl-imperialacuk.terminalfour.net/prod01/channel_2/media/migration/style-assets/IT-survey1--tojpeg_1525171251932_x4.jpg]
[pxl-imperialacuk.terminalfour.net/prod01/channel_2/media/images/non-standard-dimensions/JasonHawkes-474352-megamenu.jpg]
[www.imperial.ac.uk/faculties-and-departments/index.html]
[pxl-imperialacuk.terminalfour.net/prod01/channel_2/media/images/non-standard-dimensions/0190531_campus_queens_tower_001-megamenu.jpg]
[pxl-imperialacuk.terminalfour.net/prod01/channel_2/media/migration/style-assets/about-3_1620212564596_x4.jpg]
[pxl-imperialacuk.terminalfour.net/fit-in/1440x602/prod01/channel_2/media/images/banner-left-block-3000X1200/PG-Study-Guide.jpg]
[pxl-imperialacuk.terminalfour.net/fit-in/332x212/prod01/channel_2/media/images/landscape-3000X2000/Imperial-Lates-Sci-Fi.jpg]
[pxl-imperialacuk.terminalfour.net/fit-in/332x212/prod01/channel_2/media/images/landscape-3000X2000/COVID-in-schools-3000-x-2000.jpg]
[www.imperial.ac.uk/business-school/executive-education/index.html]
[www.imperial.ac.uk/study/living-in-london/index.html]
[pxl-imperialacuk.terminalfour.net/prod01/channel_2/media/images/non-standard-dimensions/220623_hugh_brady_jess_wade_interview_032.jpg]
[www.imperial.ac.uk/study/international-students/index.html]
[pxl-imperialacuk.terminalfour.net/prod01/channel_2/media/images/non-standard-dimensions/0190531_campus_queens_tower_001-(1)-(1).jpg]
[www.imperial.ac.uk/study/campus-life/index.html]
[www.imperial.ac.uk/research-and-innovation/index.html]
[www.imperial.ac.uk/research-and-innovation/support-for-staff/index.html]
[www.imperial.ac.uk/research-and-innovation/support-for-partners/index.html]
[www.imperial.ac.uk/admin-services/ict/self-service/research-support/index.html]
[pxl-imperialacuk.terminalfour.net/prod01/channel_2/media/migration/homepage-widget-content/21-03-covid-updates-homepage-button-v2-3_1616427399470_x4.jpg]
[www.imperial.ac.uk/research-and-innovation/about-imperial-research/research-culture/index.html]
[pxl-imperialacuk.terminalfour.net/prod01/channel_2/media/images/non-standard-dimensions/PG-Study-Guide.jpg]
[www.imperial.ac.uk/a-z-research/index.html]
[www.imperial.ac.uk/research-and-innovation/about-imperial-research/index.html]
[www.imperial.ac.uk/research-and-innovation/about-imperial-research/ref/index.html]
[www.imperial.ac.uk/research-and-innovation/about-imperial-research/global-institutes/index.html]
[www.imperial.ac.uk/research-and-innovation/centres-of-excellence/index.html]
[www.imperial.ac.uk/research-and-innovation/networks-of-excellence/index.html]
[www.imperial.ac.uk/ImageCropToolT4/imageTool/uploaded-images/web-black_1656423492740_eventpanel2018_x1.39.delayed]
[www.imperial.ac.uk/be-inspired/index.html]
[www.imperial.ac.uk/assets/website/images/placeholder/events/events-placeholder_3_eventpanel2018_x2.3a.delayed]
[www.imperial.ac.uk/whats-on/index.html]
[www.imperial.ac.uk/be-inspired/volunteering/index.html]
[pxl-imperialacuk.terminalfour.net/prod01/channel_2/media/migration/homepage-widget-content/imperial-alumni_1636107123516_x4.jpg]
[www.imperial.ac.uk/be-inspired/schools-outreach/index.html]
[www.imperial.ac.uk/be-inspired/social-and-multimedia/index.html]
[www.imperial.ac.uk/be-inspired/magazine/index.html]
[pxl-imperialacuk.terminalfour.net/fit-in/1440x664/prod01/channel_2/media/migration/homepage-widget-content/190110_ambassadors_tower_bridge_001--tojpeg_1583940003078_x4.jpg]
[www.imperial.ac.uk/be-inspired/social-and-multimedia/imperial-college-podcast/index.html]
[pxl-imperialacuk.terminalfour.net/fit-in/1440x664/prod01/channel_2/media/migration/homepage-widget-content/7Q8A6288--tojpeg_1583940852404_x4.jpg]
[www.imperial.ac.uk/be-inspired/societal-engagement/index.html]
[www.imperial.ac.uk/be-inspired/social-and-multimedia/directory/index.html]
[www.imperial.ac.uk/be-inspired/stories/index.html]
[pxl-imperialacuk.terminalfour.net/prod01/channel_2/media/images/non-standard-dimensions/Home-page-4-blocks-REF2021.jpg]
[www.imperial.ac.uk/about/index.html]
[www.imperial.ac.uk/about/leadership-and-strategy/index.html]
[pxl-imperialacuk.terminalfour.net/prod01/channel_2/media/images/non-standard-dimensions/Queen's-Tower-home-page-four-block.jpg]
[www.imperial.ac.uk/media/imperial-today/index6de8.html]
[pxl-imperialacuk.terminalfour.net/prod01/channel_2/media/images/non-standard-dimensions/home-page-four-blocks.jpg]
[www.imperial.ac.uk/admin-services/secretariat/college-governance/index.html]
[www.imperial.ac.uk/about/introducing-imperial/league-tables/index.html]
[pxl-imperialacuk.terminalfour.net/prod01/channel_2/media/migration/homepage-widget-content/support-for-staff--tojpeg_1584469207028_x4.jpg]
[www.imperial.ac.uk/about/leadership-and-strategy/provost/index.html]
[www.imperial.ac.uk/about/introducing-imperial/our-people/index.html]
[www.imperial.ac.uk/about/leadership-and-strategy/president/index.html]
[www.imperial.ac.uk/about/values/index.html]
[www.imperial.ac.uk/ImageCropToolT4/imageTool/uploaded-images/homepage-default-social--tojpeg_1523872141375_x1.45.delayed]
[www.imperial.ac.uk/medicine/index.html]
[www.imperial.ac.uk/engineering/index.html]
[www.imperial.ac.uk/alumni/alumni-stories/index.html]
[www.imperial.ac.uk/visit/campuses/index.html]
[www.imperial.ac.uk/assets/website/images/logo/imperial-600.png]
[www.imperial.ac.uk/index.html]
[www.imperial.ac.uk/natural-sciences/index.html]
[www.imperial.ac.uk/about/leading-the-world/index.html]
[www.imperial.ac.uk/giving/index.html]
[www.imperial.ac.uk/multidisciplinary-research/index.html]
[www.imperial.ac.uk/business-school/index8b2f.html]
[www.imperial.ac.uk/admin-services/index.html]
[www.imperial.ac.uk/students/index.html]
[www.imperial.ac.uk/alumni/index.html]
[js.hs-analytics.net/analytics/1623414300000/5653437.js]
[www.imperial.ac.uk/staff/index.html]
[www.imperial.ac.uk/jobs/index.html]
[js.hs-analytics.net/analytics/1623414000000/5653437.js]
[www.imperial.ac.uk/media/index.html]
[www.imperial.ac.uk/parents/index.html]
[www.imperial.ac.uk/news/240696/imperial-lates-returns-season-celebrating-science/index.html]
[pxl-imperialacuk.terminalfour.net/fit-in/1440x664/prod01/channel_2/media/migration/homepage-widget-content/180510_mitchell_wayne_laboratory_skills_002--tojpeg_1583940077847_x4.3c.del]
[www.imperial.ac.uk/news/240433/qa-does-covid-19-spread-schools/index.html]
[www.imperial.ac.uk/about/covid-19/index.html]
[pxl-imperialacuk.terminalfour.net/fit-in/1440x664/prod01/channel_2/media/migration/homepage-widget-content/0000_191111_autumn_library_queens_lawn_001--tojpeg_1583940105577_x4.3d.dela]
[www.imperial.ac.uk/study/ug/why-imperial/index.html]
[www.imperial.ac.uk/visit/index.html]
[www.imperial.ac.uk/research-and-innovation/impact/index.html]
[www.imperial.ac.uk/admin-services/ict/contact-ict-service-desk/index.html]
[www.imperial.ac.uk/admin-services/library/index.html]
[www.imperial.ac.uk/about/imperial-and-the-european-union/index.html]
[www.imperial.ac.uk/admin-services/ict/self-service/teaching-learning/blackboard/index.html]
[www.imperial.ac.uk/admin-services/registry/term-dates/index.html]
[www.imperial.ac.uk/students/online-services/mobile/index.html]
[www.imperial.ac.uk/admin-services/ict/self-service/admin-systems/icis/index.html]
[www.imperial.ac.uk/staff/new-staff/index.html]
[www.imperial.ac.uk/sitemap/index.html]
[imedia-images.imperial.ac.uk/images/5943/5943.jpg]
[www.imperial.ac.uk/about-the-site/privacy/index.html]
[www.imperial.ac.uk/about-the-site/use-of-cookies/index.html]
[www.imperial.ac.uk/error/report/index.html]
[imedia-images.imperial.ac.uk/images/4460/4460.jpg]
[js.hs-analytics.net/analytics/1623414600000/5653437.js]
[js.hs-analytics.net/analytics/1623418500000/5653437.js]
[js.hs-analytics.net/analytics/1623418800000/5653437.js]
[www.google-analytics.com/analytics.js]
[www.tfaforms.com/wForms/3.11/js/localization-en_GB.js]
[js.hs-analytics.net/analytics/1623447300000/5653437.js]
[js.hs-analytics.net/analytics/1623407700000/5653437.js]
[js.hs-analytics.net/analytics/1623414900000/5653437.js]
[js.hs-analytics.net/analytics/1623413700000/5653437.js]
[js.hs-analytics.net/analytics/1623413400000/5653437.js]
[js.hs-analytics.net/analytics/1623413100000/5653437.js]
[js.hs-analytics.net/analytics/1623429900000/5653437.js]
[browser.sentry-cdn.com/5.29.0/bundle.min.js]
[www.ucl.ac.uk/bigdata-theory/wp-content/uploads/2015/04/david-hand.jpg]
[embedmaps.com/google-maps-authorization/script.js]
[js.hs-analytics.net/analytics/1623417900000/5653437.js]
[js.hs-analytics.net/analytics/1623415500000/5653437.js]
[js.hs-analytics.net/analytics/1623415200000/5653437.js]
[www.imperial.ac.uk/business-school/executive-education/request-call-back/index.html]
[js.hs-analytics.net/analytics/1623417300000/5653437.js]
[js.hs-analytics.net/analytics/1623417000000/5653437.js]
[js.hs-analytics.net/analytics/1623415800000/5653437.js]
[js.hs-analytics.net/analytics/1623417600000/5653437.js]
[js.hs-analytics.net/analytics/1623403500000/6701628.js]
[js.hs-analytics.net/analytics/1623402900000/5653437.js]
[js.hs-analytics.net/analytics/1623418200000/5653437.js]
[js.hs-analytics.net/analytics/1623419700000/5653437.js]
[js.hs-analytics.net/analytics/1623459300000/5653437.js]
[js.hs-analytics.net/analytics/1623419400000/5653437.js]
[js.hs-analytics.net/analytics/1623419100000/5653437.js]
[js.hs-banner.com/5653437.js]
[upload.wikimedia.org/wikipedia/commons/thumb/9/9d/Map_of_EU_states_blank.png/1119px-Map_of_EU_states_blank.png]
[imedia-images.imperial.ac.uk/images/4526/4526.jpg]
[sc-static.net/scevent.min.js]
[imedia-images.imperial.ac.uk/images/6115/6115.jpg]
[storage.googleapis.com/code.snapengage.com/js/beda019c-8000-4344-9eb3-afaf03bc4cca.js]
[js.hs-scripts.com/5653437.js]
[js.hs-analytics.net/analytics/1623416100000/5653437.js]
[js.hs-analytics.net/analytics/1623416400000/5653437.js]
[js.hs-analytics.net/analytics/1623416700000/5653437.js]
[js.hs-analytics.net/analytics/1623430800000/6701628.js]
[js.hs-analytics.net/analytics/1623412500000/5653437.js]
[ssl.google-analytics.com/ga.js]
[js.hs-analytics.net/analytics/1623406200000/6701628.js]
[js.hs-analytics.net/analytics/1623412800000/5653437.js]
[bat.bing.com/bat.js]
[js.hs-analytics.net/analytics/1623429900000/6701628.js]
[js.hs-analytics.net/analytics/1623412200000/5653437.js]
[js.hs-analytics.net/analytics/1623411900000/5653437.js]
[www.google-analytics.com/plugins/ga/inpage_linkid.js]
[js.hs-analytics.net/analytics/1623466800000/5653437.js]
[js.hs-analytics.net/analytics/1623466500000/5653437.js]
[track.hubspot.com/__ptq.gif]
[imedia-images.imperial.ac.uk/images/3982/3982.jpg]
[script.hotjar.com/modules.12f7375208c548a9407a.js]
[cdn-ukwest.onetrust.com/consent/6d9efb9d-b605-406f-b8b3-c9644859d064/OtAutoBlock.js]
[js.hs-analytics.net/analytics/1623420000000/5653437.js]
[www.imperial.ac.uk/assets/website/fonts/fira-sans/FiraSans-Light.eot]
[www.imperial.ac.uk/assets/website/fonts/fira-sans/FiraSans-Light.woff2]
[www.imperial.ac.uk/assets/website/fonts/fira-sans/FiraSans-Light.woff]
[www.imperial.ac.uk/assets/website/fonts/fira-sans/FiraSans-Light.ttf]
[www.imperial.ac.uk/assets/website/fonts/fira-sans/FiraSans-LightItalic.eot]
[www.imperial.ac.uk/assets/website/fonts/fira-sans/FiraSans-LightItalic.woff2]
[www.imperial.ac.uk/assets/website/fonts/fira-sans/FiraSans-LightItalic.woff]
[www.imperial.ac.uk/assets/website/fonts/fira-sans/FiraSans-LightItalic.ttf]
[www.imperial.ac.uk/assets/website/fonts/fira-sans/FiraSans-Regular.eot]
[www.imperial.ac.uk/assets/website/fonts/fira-sans/FiraSans-Regular.woff]
[www.imperial.ac.uk/assets/website/fonts/fira-sans/FiraSans-Regular.ttf]
[www.imperial.ac.uk/assets/website/fonts/fira-sans/FiraSans-Italic.eot]
[www.imperial.ac.uk/assets/website/fonts/fira-sans/FiraSans-Italic.woff2]
[www.imperial.ac.uk/assets/website/fonts/fira-sans/FiraSans-Italic.woff]
[www.imperial.ac.uk/assets/website/fonts/fira-sans/FiraSans-Italic.ttf]
[www.imperial.ac.uk/assets/website/fonts/fira-sans/FiraSans-Bold.eot]
[www.imperial.ac.uk/assets/website/fonts/fira-sans/FiraSans-Bold.woff]
[www.imperial.ac.uk/assets/website/fonts/fira-sans/FiraSans-Bold.ttf]
[www.imperial.ac.uk/assets/website/fonts/fira-sans/FiraSans-BoldItalic.eot]
[www.imperial.ac.uk/assets/website/fonts/fira-sans/FiraSans-BoldItalic.woff2]
[www.imperial.ac.uk/assets/website/fonts/fira-sans/FiraSans-BoldItalic.woff]
[www.imperial.ac.uk/assets/website/fonts/fira-sans/FiraSans-BoldItalic.ttf]
[www.imperial.ac.uk/assets/website/fonts/fira-sans/FiraSans-Medium.eot]
[www.imperial.ac.uk/assets/website/fonts/fira-sans/FiraSans-Medium.woff2]
[www.imperial.ac.uk/assets/website/fonts/fira-sans/FiraSans-Medium.woff]
[www.imperial.ac.uk/assets/website/fonts/fira-sans/FiraSans-Medium.ttf]
[www.imperial.ac.uk/assets/website/fonts/fira-sans/FiraSans-MediumItalic.eot]
[www.imperial.ac.uk/assets/website/fonts/fira-sans/FiraSans-MediumItalic.woff2]
[www.imperial.ac.uk/assets/website/fonts/fira-sans/FiraSans-MediumItalic.woff]
[www.imperial.ac.uk/assets/website/fonts/fira-sans/FiraSans-MediumItalic.ttf]
[www.imperial.ac.uk/assets/website/fonts/icons/fonts/imperial-icons4a5a.eot]
[www.imperial.ac.uk/assets/website/fonts/icons/fonts/imperial-icons4a5a.ttf]
[www.imperial.ac.uk/assets/website/images/vendor/chosen/chosen-sprite.png]
[www.imperial.ac.uk/assets/website/images/banner/triangle-overlay-color.png]
[www.imperial.ac.uk/assets/website/images/banner_double/triangle-overlay-color.png]
[www.imperial.ac.uk/assets/website/images/banner/triangle-overlay-color-right.png]
[www.imperial.ac.uk/assets/website/images/banner_double/triangle-overlay-color-right.png]
[www.imperial.ac.uk/assets/website/images/banner/triangle-overlay-right.png]
[www.imperial.ac.uk/assets/website/images/banner_double/triangle-overlay-right.png]
[www.imperial.ac.uk/assets/website/images/banner/triangle-overlay.png]
[www.imperial.ac.uk/assets/website/images/banner_double/triangle-overlay.png]
[www.imperial.ac.uk/assets/website/images/common/hatch-light.png]
[www.imperial.ac.uk/assets/website/images/common/hatch-transparent-30.png]
[www.imperial.ac.uk/assets/website/images/common/hatch-dark.png]
[www.imperial.ac.uk/assets/website/images/svg-fallback/play_icon.png]
[www.imperial.ac.uk/assets/website/images/common/hatch-grey.png]
[www.imperial.ac.uk/assets/website/images/compatibility/lt-ie9_hatch-light.png]
[www.imperial.ac.uk/assets/website/images/common/hatch-light-grey.png]
[www.imperial.ac.uk/assets/website/images/sprite/logo.png]
[www.imperial.ac.uk/assets/website/images/sprite_double/logo.png]
[www.imperial.ac.uk/assets/website/images/sprite/logo-mobile.png]
[www.imperial.ac.uk/assets/website/images/sprite_double/logo-mobile.png]
[www.imperial.ac.uk/assets/website/images/sprite/logo-footer.png]
[www.imperial.ac.uk/assets/website/images/sprite_double/logo-footer.png]
[www.imperial.ac.uk/assets/website/images/svg-fallback/video-play.png]
[www.imperial.ac.uk/assets/website/images/banner/banner-festival2015_2x.jpg]
[www.imperial.ac.uk/assets/website/images/common/hatch-overlay.png]
[www.imperial.ac.uk/assets/website/stylesheets/css/screen.1.27.22.css]
[www.imperial.ac.uk/assets/website/stylesheets/css/color-themes.1.27.22.css]
[www.imperial.ac.uk/assets/website/stylesheets/css/print.1.27.22.css]
[www.imperial.ac.uk/assets/website/images/favicon/favicon.svg]
[www.googletagmanager.com/gtm5445.html]
[www.imperial.ac.uk/assets/website/stylesheets/css/screen.1.27.26.css]
[www.imperial.ac.uk/assets/website/stylesheets/css/color-themes.1.27.26.css]
[www.imperial.ac.uk/assets/website/stylesheets/css/print.1.27.26.css]
[www.imperial.ac.uk/assets/website/js/build/application.1.27.26.min.js]
[www.imperial.ac.uk/about-the-site/index.html]
[www.imperial.ac.uk/about-the-site/accessibility/feature-guidance/index.html]
[www.imperial.ac.uk/about-the-site/use-of-cookies/updating-cookie-settings/index.html]
[www.imperial.ac.uk/about-the-site/accessibility/non-accessible-content/index.html]
[www.imperial.ac.uk/disability-advisory-service/index.html]
[www.imperial.ac.uk/about-the-site/browser-support/index.html]
[www.imperial.ac.uk/about-the-site/accessibility/index.html]
[www.imperial.ac.uk/staff/tools-and-reference/web-guide/index.html]
[www.imperial.ac.uk/enterprise/index.html]
[www.imperial.ac.uk/communications/index.html]
[www.imperial.ac.uk/study/ug/visit/webinars/index.html]
[www.imperial.ac.uk/mechanical-engineering/index.html]
[www.imperial.ac.uk/be-inspired/exploration-board/previous-expeditions/explore-by-activity/index.html]
[www.imperial.ac.uk/materials/conferences--events/events-archive/index.html]
[www.imperial.ac.uk/study/ug/courses/by-department/index.html]
[www.imperial.ac.uk/study/ug/courses/medical-biosciences/medical-biosciences/index.html]
[www.imperial.ac.uk/assets/news/img/favicon/favicon.ico]
[www.imperial.ac.uk/study/pg/medicine/molecular-medicine/index.html]
[www.imperial.ac.uk/search/index6fa7.html]
[www.imperial.ac.uk/assets/news/img/favicon/favicon-32.png]
[www.imperial.ac.uk/jobs/search/index.html]
[www.imperial.ac.uk/jobs/account/login/index3402.html]
[www.imperial.ac.uk/medicine/beta-cell-genome-regulation-laboratory/publications/index.html]
[www.imperial.ac.uk/finance/annual-report/financial-review/expenditure/index.html]
[www.imperial.ac.uk/assets/news/img/favicon/favicon-57.png]
[www.imperial.ac.uk/giving/donate/make-your-gift/dd/index.html]
[www.imperial.ac.uk/assets/news/img/favicon/favicon-76.png]
[www.imperial.ac.uk/computing/people/index.html]
[www.imperial.ac.uk/computing/people/academic-staff/index.html]
[www.imperial.ac.uk/nutrition-and-food-centre/research-themes/nutrition-food-and-health/index.html]
[www.imperial.ac.uk/assets/news/img/favicon/favicon-96.png]
[www.imperial.ac.uk/study/pg/medicine/register-your-interest/index.html]
[www.imperial.ac.uk/be-inspired/magazine/issue-49/index.html]
[www.imperial.ac.uk/assets/news/img/favicon/favicon-128.png]
[www.imperial.ac.uk/staff/tools-and-reference/web-guide/training-and-events/materials/accessibility/index.html]
[www.imperial.ac.uk/assets/news/img/favicon/favicon-192.png]
[www.imperial.ac.uk/staff/tools-and-reference/web-guide/policies-and-guidance/accessibility-standards/index.html]
[www.imperial.ac.uk/assets/news/img/favicon/favicon-228.png]
[www.imperial.ac.uk/assets/news/img/favicon/favicon-196.png]
[www.imperial.ac.uk/assets/news/img/favicon/favicon-120.png]
[www.imperial.ac.uk/assets/news/img/favicon/favicon-152.png]
[www.imperial.ac.uk/assets/news/img/favicon/favicon-180.png]
[www.imperial.ac.uk/assets/news/css/reset.css]
[www.imperial.ac.uk/assets/news/css/commonelements.css]
[www.imperial.ac.uk/assets/news/css/extras.css]
[www.imperial.ac.uk/assets/news/css/general.css]
[www.imperial.ac.uk/assets/news/css/print.css]
[www.imperial.ac.uk/imedia/plugins/overlay/overlay.css]
[www.imperial.ac.uk/assets/news/css/wide.css]
[www.imperial.ac.uk/assets/news/css/portrait.css]
[www.imperial.ac.uk/assets/news/css/mobile.css]
[www.imperial.ac.uk/assets/news/lib/jquery-1.8.2/index.js]
[www.imperial.ac.uk/news/240814/sustainable-make-breast-cancer-drug-could/amp/index.html]
[www.imperial.ac.uk/assets/news/lib/jquery-ui/ui/minified/jquery-ui.min.js]
[www.imperial.ac.uk/assets/news/lib/global-js/global-subsetb001.js]
[www.imperial.ac.uk/assets/news/js/load.js]
[www.imperial.ac.uk/assets/news/img/iclogo.gif]
[www.imperial.ac.uk/news/college-and-campus/index.html]
[www.imperial.ac.uk/news/science/index.html]
[www.imperial.ac.uk/news/engineering/index.html]
[www.imperial.ac.uk/news/health/index.html]
[www.imperial.ac.uk/ImageCropToolT4/imageTool/uploaded-images/newseventsimage_1666364043517_mainnews2012_x1.jpg]
[www.imperial.ac.uk/assets/news/img/main_image_shd.png]
[www.imperial.ac.uk/news/business/index.html]
[www.imperial.ac.uk/rapid-online-analysis-of-reactions/index.html]
[www.imperial.ac.uk/people/mimi.html]
[www.imperial.ac.uk/news/190097/first-of-its-kind-automatic-chemistry-facility-opens-imperial/index.html]
[www.imperial.ac.uk/ImageCropToolT4/imageTool/uploaded-images/000190130-roar-lab-msrh-057_1666364685614_x27e04.jpg]
[www.imperial.ac.uk/people/b.html]
[www.imperial.ac.uk/news/195859/new-collaboration-support-essential-medication-manufacture/index.html]
[www.imperial.ac.uk/people/h.html]
[www.imperial.ac.uk/icimages4b02.jpg]
[www.imperial.ac.uk/assets/news/img/expand_arrow.png]
[www.imperial.ac.uk/news/search/index5630.html]
[www.imperial.ac.uk/news/search/index238d.html]
[www.imperial.ac.uk/news/search/index0e42.html]
[www.imperial.ac.uk/news/search/indexa52e.html]
[www.imperial.ac.uk/news/search/indexc383.html]
[www.imperial.ac.uk/news/search/indexe09a.html]
[www.imperial.ac.uk/news/tagcloud/index.html]
[www.imperial.ac.uk/assets/news/img/icon-comment.png]
[www.imperial.ac.uk/assets/news/img/icon-fb.png]
[www.imperial.ac.uk/assets/news/img/icon-twitter.png]
[www.imperial.ac.uk/assets/news/img/icon-reddit.png]
[www.imperial.ac.uk/assets/news/img/icon-linkedin.png]
[www.imperial.ac.uk/news/search/indexa74e.html]
[www.imperial.ac.uk/assets/news/img/icon-email.png]
[www.imperial.ac.uk/assets/news/img/icon-print.png]
[www.imperial.ac.uk/ImageCropToolT4/imageTool/uploaded-images/newseventsimage_1549039276975_featurenews2012_x1.jpg]
[www.imperial.ac.uk/news/222313/imperial-launches-digital-chemistry/index.html]
[www.imperial.ac.uk/ImageCropToolT4/imageTool/uploaded-images/newseventsimage_1666607383628_featurenews2012_x1.jpg]
[www.imperial.ac.uk/assets/news/img/image_shadow_sidebar.png]
[www.imperial.ac.uk/news/239212/covid-19-long-infectious-when-safely-leave/index.html]
[www.imperial.ac.uk/ImageCropToolT4/imageTool/uploaded-images/newseventsimage_1660839012386_featurenews2012_x1.jpg]
[www.imperial.ac.uk/news/240813/interest-rates-rise-much-expected-says/index.html]
[www.imperial.ac.uk/news/235514/magic-mushroom-compound-increases-brain-connectivity/index.html]
[www.imperial.ac.uk/news/178983/drones-that-detect-early-plant-disease/index.html]
[www.imperial.ac.uk/news/240651/professor-mino-green-1927-2022/index.html]
[www.imperial.ac.uk/about-the-site/news/index.html]
[www.imperial.ac.uk/assets/news/img/icon-rss.png]
[www.imperial.ac.uk/news/240814/sustainable-make-breast-cancer-drug-could/index.html]
[www.imperial.ac.uk/staff/tools-and-reference/web-guide/policies-and-guidance/comments/index.html]
[www.imperial.ac.uk/whats-on/events-signup/index.html]
[www.imperial.ac.uk/media/news-release-signup/index.html]
[www.imperial.ac.uk/ImageCropToolT4/imageTool/uploaded-images/newseventsimage_1666607383628_mainnews2012_x1.jpg]
[www.imperial.ac.uk/media/contacts/index.html]
[www.imperial.ac.uk/news/report/index5c1d.html]
[www.imperial.ac.uk/people/b-2.html]
[www.imperial.ac.uk/news/login/index5644.html]
[www.imperial.ac.uk/news/240852/new-label-proteins-could-help-track/amp/index.html]
[www.imperial.ac.uk/news/search/index2542.html]
[www.imperial.ac.uk/news/232594/covid-immunity-study-green-league-ranking/index.html]
[www.imperial.ac.uk/ImageCropToolT4/imageTool/uploaded-images/newseventsimage_1639131303345_featurenews2012_x1.jpg]
[www.imperial.ac.uk/news/194268/glycan-microarrays-diagnostic-tools/index.html]
[www.imperial.ac.uk/ImageCropToolT4/imageTool/uploaded-images/newseventsimage_1666364043517_featurenews2012_x1.jpg]
[www.imperial.ac.uk/news/240852/new-label-proteins-could-help-track/index.html]
[www.imperial.ac.uk/news/report/index9102.html]
[www.imperial.ac.uk/news/240532/imperial-entrepreneurs-showcase-their-startups-london/amp/index.html]
[www.imperial.ac.uk/ImageCropToolT4/imageTool/uploaded-images/newseventsimage_1666083279619_mainnews2012_x1.jpg]
[www.imperial.ac.uk/news/login/index1b13.html]
[www.imperial.ac.uk/ImageCropToolT4/imageTool/uploaded-images/demo-day-039-beyond-blood_1666083882147_x2d274.jpg]
[www.imperial.ac.uk/ImageCropToolT4/imageTool/uploaded-images/demoday22-102-karfu_1666084238072_x20c97.jpg]
[www.imperial.ac.uk/ImageCropToolT4/imageTool/uploaded-images/demo-day-012-osstec_1666084322454_x20ad7.jpg]
[www.imperial.ac.uk/ImageCropToolT4/imageTool/uploaded-images/demoday22-109-untap_1666084444031_x245dc.jpg]
[www.imperial.ac.uk/business-school/programmes/executive-mba/index.html]
[www.imperial.ac.uk/ImageCropToolT4/imageTool/uploaded-images/demo-day-015-olivia-ahn_1666084568962_x22823.jpg]
[www.imperial.ac.uk/people/joanna.html]
[www.imperial.ac.uk/ImageCropToolT4/imageTool/uploaded-images/220810-wilson-joanna-98_1664538516483_x1.jpg]
[www.imperial.ac.uk/news/search/indexcd93.html]
[www.imperial.ac.uk/news/search/index1f44.html]
[www.imperial.ac.uk/news/search/indexb40f.html]
[www.imperial.ac.uk/news/search/index3698.html]
[www.imperial.ac.uk/news/search/indexff86.html]
[www.imperial.ac.uk/news/search/index2479.html]
[www.imperial.ac.uk/news/search/index3bc9.html]
[www.imperial.ac.uk/news/search/index83bf.html]
[www.imperial.ac.uk/news/search/index099c.html]
[www.imperial.ac.uk/news/192909/london-universities-showcase-capitals-brightest-student/index.html]
[www.imperial.ac.uk/ImageCropToolT4/imageTool/uploaded-images/newseventsimage_1568625971837_featurenews2012_x1.jpg]
[www.imperial.ac.uk/news/240532/imperial-entrepreneurs-showcase-their-startups-london/index.html]
[www.imperial.ac.uk/news/index.html]
[pxl-imperialacuk.terminalfour.net/fit-in/1440x579/prod01/channel_2/media/images/banner-left-block-3000X1200/left-block---Your-next-move-turbine-silhoutte.jpg]
[www.imperial.ac.uk/news/230153/london-universities-showcase-entrepreneurial-talent-demo/index.html]
[pxl-imperialacuk.terminalfour.net/fit-in/720x462/prod01/channel_2/media/migration/study/Study-Undergraduate--tojpeg_1587983847982_x4.jpg]
[www.imperial.ac.uk/news/login/indexd36a.html]
[www.imperial.ac.uk/news/report/index7a54.html]
[pxl-imperialacuk.terminalfour.net/fit-in/720x462/prod01/channel_2/media/migration/study/Study-Postgraduate--tojpeg_1587983991144_x4.jpg]
[www.imperial.ac.uk/study/ug/why-imperial/reputation/index.html]
[pxl-imperialacuk.terminalfour.net/fit-in/720x462/prod01/channel_2/media/migration/study/Study-Other--tojpeg_1587984084765_x4.jpg]
[pxl-imperialacuk.terminalfour.net/fit-in/720x462/prod01/channel_2/media/migration/study/imp-prospectus2021-ja-0332_1618573593931_x4.jpg]
[www.imperial.ac.uk/study/ug/why-imperial/student-community/my-imperial-story/index.html]
[pxl-imperialacuk.terminalfour.net/fit-in/1440x664/prod01/channel_2/media/migration/study/accom--tojpeg_1547055316436_x4.jpg]
[pxl-imperialacuk.terminalfour.net/fit-in/1440x664/prod01/channel_2/media/migration/study/campus-life--tojpeg_1547055210600_x4.jpg]
[www.imperial.ac.uk/study/ug/why-imperial/student-community/index.html]
[www.imperial.ac.uk/study/ug/why-imperial/student-community/life-on-campus/index.html]
[pxl-imperialacuk.terminalfour.net/fit-in/1440x664/prod01/channel_2/media/migration/study/30-09-15SouthKensington_0259--tojpeg_1552653471755_x4.jpg]
[pxl-imperialacuk.terminalfour.net/fit-in/1440x664/prod01/channel_2/media/migration/study/171208_mecheng_shell_006--tojpeg_1552909530409_x4.jpg]
[www.imperial.ac.uk/study/ug/why-imperial/covid-response/index.html]
[www.imperial.ac.uk/study/ug/why-imperial/student-life/index.html]
[www.imperial.ac.uk/study/ug/why-imperial/the-imperial-bursary-for-home-students/index.html]
[www.imperial.ac.uk/study/ug/why-imperial/student-life/beyond-your-course/index.html]
[www.imperial.ac.uk/study/ug/why-imperial/student-life/beyond-your-course/study-abroad/mit-exchange/index.html]
[www.imperial.ac.uk/study/ug/why-imperial/student-life/beyond-your-course/study-abroad/index.html]
[www.imperial.ac.uk/study/ug/why-imperial/student-life/career-success/index.html]
[www.imperial.ac.uk/study/ug/why-imperial/student-life/career-success/careers-service/index.html]
[www.imperial.ac.uk/study/ug/why-imperial/student-life/career-success/entrepreneurship/index.html]
[www.imperial.ac.uk/study/ug/why-imperial/student-life/career-success/placements-internships/index.html]
[www.imperial.ac.uk/ImageCropToolT4/imageTool/uploaded-images/newseventsimage_1658308942178_collegebody2017_x1.jpg]
[www.imperial.ac.uk/study/ug/why-imperial/student-life/supportive-environment/international-students/index.html]
[www.imperial.ac.uk/study/ug/why-imperial/student-life/supportive-environment/index.html]
[www.imperial.ac.uk/study/ug/why-imperial/student-life/supportive-environment/care-leavers/index.html]
[www.imperial.ac.uk/study/ug/why-imperial/student-life/supportive-environment/care-leavers/applicants/index.html]
[www.imperial.ac.uk/study/ug/why-imperial/student-life/career-success/london/index.html]
[www.imperial.ac.uk/study/ug/why-imperial/student-life/supportive-environment/care-leavers/current-students/index.html]
[www.imperial.ac.uk/study/ug/why-imperial/hands-on-research/index.html]
[www.imperial.ac.uk/study/ug/why-imperial/student-life/supportive-environment/care-leavers/support-workers/index.html]
[www.imperial.ac.uk/ImageCropToolT4/imageTool/uploaded-images/newseventsimage_1657894978159_collegebody2017_x1.jpg]
[www.imperial.ac.uk/study/ug/why-imperial/hands-on-research/world-leading/index.html]
[www.imperial.ac.uk/study/ug/why-imperial/hands-on-research/irop/index.html]
[www.imperial.ac.uk/study/ug/why-imperial/hands-on-research/get-involved/index.html]
[www.imperial.ac.uk/study/campus-life/accommodation-imperial/index.html]
[www.imperial.ac.uk/study/ug/why-imperial/hands-on-research/urop/index.html]
[www.imperial.ac.uk/ImageCropToolT4/imageTool/uploaded-images/newseventsimage_1658237336809_collegebody2017_x1.jpg]
[www.imperial.ac.uk/study/ug/apply/requirements/ugacademic/index.html]
[www.imperial.ac.uk/study/ug/apply/requirements/english/index.html]
[www.imperial.ac.uk/study/ug/apply/requirements/index.html]
[www.imperial.ac.uk/study/ug/apply/how-to-apply/when-to-apply/index.html]
[www.imperial.ac.uk/study/ug/apply/how-to-apply/index.html]
[www.imperial.ac.uk/study/ug/apply/how-to-apply/visiting/index.html]
[www.imperial.ac.uk/study/ug/apply/selection/index.html]
[www.imperial.ac.uk/study/ug/apply/selection/personal-statement/index.html]
[www.imperial.ac.uk/study/ug/apply/selection/references/index.html]
[www.imperial.ac.uk/study/ug/apply/selection/admissions-schemes/index.html]
[www.imperial.ac.uk/study/ug/apply/selection/admissions-policies/index.html]
[www.imperial.ac.uk/study/ug/apply/selection/admissions-tests/index.html]
[www.imperial.ac.uk/study/ug/apply/selection/interviews/index.html]
[www.imperial.ac.uk/study/ug/apply/after-you-apply/index.html]
[www.imperial.ac.uk/study/ug/apply/after-you-apply/results/index.html]
[www.imperial.ac.uk/study/ug/apply/after-you-apply/cas/index.html]
[www.imperial.ac.uk/study/ug/apply/after-you-apply/conditions/index.html]
[www.imperial.ac.uk/study/ug/apply/register/index.html]
[www.imperial.ac.uk/study/index.html]
[www.imperial.ac.uk/study/ug/apply/register/brp/index.html]
[www.imperial.ac.uk/study/ug/apply/fees/index.html]
[www.imperial.ac.uk/study/ug/apply/fees/fee-status/index.html]
[www.imperial.ac.uk/study/ug/apply/after-you-apply/visa/index.html]
[www.imperial.ac.uk/study/ug/apply/register/uploading-your-visa/index.html]
[www.imperial.ac.uk/study/ug/apply/fees/application-fees/index.html]
[pxl-imperialacuk.terminalfour.net/fit-in/720x462/prod01/channel_2/media/migration/study/why-imperial-6-research-excellence_1612260526954_x4.jpg]
[www.imperial.ac.uk/study/ug/apply/contact/faq/index.html]
[pxl-imperialacuk.terminalfour.net/fit-in/720x462/prod01/channel_2/media/migration/study/queens-tower-04_1612199191565_x4.jpg]
[www.imperial.ac.uk/study/ug/apply/contact/index.html]
[pxl-imperialacuk.terminalfour.net/fit-in/720x462/prod01/channel_2/media/images/landscape-3000X2000/3000X2000-Dangoor-Plaza.jpg]
[www.imperial.ac.uk/study/ug/apply/our-degrees/index.html]
[pxl-imperialacuk.terminalfour.net/fit-in/720x462/prod01/channel_2/media/migration/study/why-imperial-4_1608204831230_x4.jpg]
[pxl-imperialacuk.terminalfour.net/fit-in/720x462/prod01/channel_2/media/migration/study/01200302-horizons-lessons-from-history-042_1608208693258_x4.jpg]
[www.imperial.ac.uk/study/ug/apply/our-degrees/potential-course-changes/index.html]
[pxl-imperialacuk.terminalfour.net/fit-in/194x167/prod01/channel_2/media/migration/study/Aishwara--t_1519917321424_x1[1]--tojpeg_1540911892367_x4.jpg]
[pxl-imperialacuk.terminalfour.net/fit-in/194x167/prod01/channel_2/media/migration/study/Alice-Robsinson--t_1528194968807_x1[1]--tojpeg_1540912458297_x4.jpg]
[pxl-imperialacuk.terminalfour.net/fit-in/194x167/prod01/channel_2/media/migration/study/Becky--t_1519917324795_x1[1]--tojpeg_1540912464770_x4.jpg]
[pxl-imperialacuk.terminalfour.net/fit-in/194x167/prod01/channel_2/media/migration/study/IMG_20170925_104913_Bokeh_01--t_1527066140276_x1[1]--tojpeg_1540912471987_x4.jpg]
[pxl-imperialacuk.terminalfour.net/fit-in/194x167/prod01/channel_2/media/migration/study/Julia--t_1519917326872_x1[1]--tojpeg_1540912480372_x4.jpg]
[pxl-imperialacuk.terminalfour.net/fit-in/194x167/prod01/channel_2/media/migration/study/IMG_0018-JPG--t_1528299727904_x1[1]--tojpeg_1540912487065_x4.jpg]
[www.imperial.ac.uk/study/ug/apply/transparency-information/index.html]
[pxl-imperialacuk.terminalfour.net/fit-in/194x167/prod01/channel_2/media/migration/study/7-Ainjila-Milia-JPG--t_1528274128638_x1[1]--tojpeg_1540912496344_x4.jpg]
[pxl-imperialacuk.terminalfour.net/fit-in/194x167/prod01/channel_2/media/migration/study/Paula-Rowinska--t_1530610026235_x1[1]--tojpeg_1540912503487_x4.jpg]
[pxl-imperialacuk.terminalfour.net/fit-in/194x167/prod01/channel_2/media/migration/study/Ruth-Pike--t_1530610143414_x1[1]--tojpeg_1540912509437_x4.jpg]
[www.imperial.ac.uk/study/ug/fees-and-funding/tuition-fees/index.html]
[www.imperial.ac.uk/study/ug/index.html]
[www.imperial.ac.uk/study/ug/fees-and-funding/tuition-fees/fee-status/index.html]
[www.imperial.ac.uk/study/ug/fees-and-funding/tuition-fees/payment-terms/undergraduates/index.html]
[www.imperial.ac.uk/study/ug/fees-and-funding/tuition-fees/payment-terms/index.html]
[www.imperial.ac.uk/study/ug/fees-and-funding/tuition-fees/payment-terms/how-to-pay/index.html]
[www.imperial.ac.uk/study/ug/fees-and-funding/tuition-fees/payment-terms/how-to-pay/scams/index.html]
[pxl-imperialacuk.terminalfour.net/prod01/channel_2/media/images/landscape-3000X2000/Exhibition-Road-Virtual-Tour-1.jpg]
[www.imperial.ac.uk/study/ug/courses/index.html]
[www.imperial.ac.uk/study/ug/fees-and-funding/tuition-fees/cas-and-visas/index.html]
[www.imperial.ac.uk/study/ug/fees-and-funding/managing-your-money/living-costs/index.html]
[www.imperial.ac.uk/study/ug/fees-and-funding/managing-your-money/budgeting/index.html]
[www.imperial.ac.uk/study/ug/fees-and-funding/managing-your-money/index.html]
[www.imperial.ac.uk/study/ug/fees-and-funding/managing-your-money/money-saving-tips/index.html]
[pxl-imperialacuk.terminalfour.net/fit-in/1079x305/prod01/channel_2/media/migration/study/180212-aeronautics-086_1628670056496_x4.jpg]
[www.imperial.ac.uk/study/ug/fees-and-funding/managing-your-money/groceries-around-the-world/index.html]
[www.imperial.ac.uk/study/ug/fees-and-funding/bursaries-and-scholarships/index.html]
[pxl-imperialacuk.terminalfour.net/prod01/channel_2/media/migration/study/imp_140515_lifescience_003--tojpeg_1419245577809_x4.jpg]
[www.imperial.ac.uk/study/ug/apply/index.html]
[www.imperial.ac.uk/study/ug/fees-and-funding/bursaries-and-scholarships/imperial-bursary/index.html]
[www.imperial.ac.uk/study/ug/fees-and-funding/bursaries-and-scholarships/imperial-bursary/mbbs-payment-options/index.html]
[www.imperial.ac.uk/media/migration/study/imp_140404_wilson_03_049--tojpeg_1416237595201_0--tojpeg_1456843326945_x2.jpg]
[www.imperial.ac.uk/study/ug/fees-and-funding/bursaries-and-scholarships/imperial-bursary/care-leavers/index.html]
[pxl-imperialacuk.terminalfour.net/fit-in/446x285/prod01/channel_2/media/migration/study/ImperialUGChem-020--tojpeg_1540913015072_x4.jpg]
[www.imperial.ac.uk/study/ug/fees-and-funding/bursaries-and-scholarships/i-b-excellence-scholarships/index.html]
[www.imperial.ac.uk/study/ug/fees-and-funding/bursaries-and-scholarships/scholarships-search-tool/index.html]
[www.imperial.ac.uk/study/ug/fees-and-funding/bursaries-and-scholarships/presidents-scholarships/index.html]
[pxl-imperialacuk.terminalfour.net/fit-in/446x285/prod01/channel_2/media/migration/study/why-imperial-3-Professional-development--tojpeg_1573643281527_x4.jpg]
[pxl-imperialacuk.terminalfour.net/fit-in/446x285/prod01/channel_2/media/migration/study/ICL_Scholarship_276--tojpeg_1540913155695_x4.jpg]
[www.imperial.ac.uk/study/ug/fees-and-funding/bursaries-and-scholarships/presidential-scholarships-black-students/index.html]
[pxl-imperialacuk.terminalfour.net/fit-in/446x285/prod01/channel_2/media/migration/study/141112_imp_careers_026--tojpeg_1540914244553_x4.jpg]
[www.imperial.ac.uk/study/ug/fees-and-funding/bursaries-and-scholarships/further-funding-opportunities-/index.html]
[www.imperial.ac.uk/study/ug/fees-and-funding/index.html]
[www.imperial.ac.uk/study/ug/fees-and-funding/bursaries-and-scholarships/further-funding-opportunities-/external-awards/index.html]
[www.imperial.ac.uk/study/ug/fees-and-funding/loans-and-grants/tuition-loan/index.html]
[www.imperial.ac.uk/study/ug/fees-and-funding/bursaries-and-scholarships/further-funding-opportunities-/alternative-guide-to-funding/index.html]
[www.imperial.ac.uk/study/ug/fees-and-funding/loans-and-grants/index.html]
[www.imperial.ac.uk/study/ug/fees-and-funding/loans-and-grants/maintenance-loan/index.html]
[www.imperial.ac.uk/study/ug/fees-and-funding/loans-and-grants/repayments/index.html]
[pxl-imperialacuk.terminalfour.net/fit-in/1079x305/prod01/channel_2/media/migration/study/new-image_1642512006182_x4.1c1.delayed]
[www.imperial.ac.uk/study/ug/fees-and-funding/loans-and-grants/nhs-funding/index.html]
[pxl-imperialacuk.terminalfour.net/fit-in/687x378/prod01/channel_2/media/migration/study/imp_140425_eastside_srgb_058--tojpeg_1421425612506_x4.jpg]
[www.imperial.ac.uk/study/ug/fees-and-funding/loans-and-grants/nhs-funding/english/index.html]
[www.imperial.ac.uk/study/ug/fees-and-funding/loans-and-grants/nhs-funding/eu-students/index.html]
[www.imperial.ac.uk/study/ug/fees-and-funding/loans-and-grants/nhs-funding/nhs-hardship-grant/index.html]
[pxl-imperialacuk.terminalfour.net/fit-in/687x378/prod01/channel_2/media/migration/study/xenia-halls-high-res-35-1_1642512556037_x4.jpg]
[www.imperial.ac.uk/study/ug/fees-and-funding/loans-and-grants/canadian-loans/index.html]
[www.imperial.ac.uk/study/ug/fees-and-funding/loans-and-grants/us-loans/index.html]
[pxl-imperialacuk.terminalfour.net/fit-in/687x378/prod01/channel_2/media/migration/study/245_4517--tojpeg_1421426508990_x4.jpg]
[pxl-imperialacuk.terminalfour.net/fit-in/687x378/prod01/channel_2/media/migration/study/imp_140404_wilson_08_009--tojpeg_1421426703728_x4.jpg]
[www.imperial.ac.uk/study/ug/visit/open-days/june-2023-open-days/index.html]
[www.imperial.ac.uk/study/ug/visit/open-days/index.html]
[www.imperial.ac.uk/study/ug/visit/open-days/virtual-open-days/index.html]
[www.imperial.ac.uk/study/ug/fees-and-funding/contact-us/index.html]
[www.imperial.ac.uk/media/migration/study/SAC_logo_no-strap_cmyk--tojpeg_1427809158352_x2.jpg]
[www.imperial.ac.uk/study/ug/visit/events/index.html]
[www.imperial.ac.uk/students/accommodation/prospective/ug/index.html]
[www.imperial.ac.uk/study/ug/visit/taster-lectures/index.html]
[www.imperial.ac.uk/study/ug/visit/advisers-conference/index.html]
[www.imperial.ac.uk/study/ug/visit/visitor-centre/index.html]
[www.imperial.ac.uk/study/ug/visit/campus-tours/index.html]
[www.imperial.ac.uk/study/ug/visit/school-groups/index.html]
[www.imperial.ac.uk/media/migration/study/IMG_4991(1)--tojpeg_1442238767895_x2.jpg]
[www.imperial.ac.uk/study/ug/visit/summer-schools/index.html]
[www.imperial.ac.uk/study/ug/visit/index.html]
[www.imperial.ac.uk/study/ug/visit/summer-schools/under-18-summer-schools/index.html]
[www.imperial.ac.uk/study/ug/visit/meet-us-in-the-uk/index.html]
[www.imperial.ac.uk/study/ug/visit/summer-schools/undergraduate-summer-schools/index.html]
[www.imperial.ac.uk/study/ug/visit/contact-us/index.html]
[www.imperial.ac.uk/study/ug/offer-holders/index.html]
[www.imperial.ac.uk/study/pg/why-imperial/index.html]
[www.imperial.ac.uk/media/images/banner-left-block-3000x1200/left-block---Your-next-move-with-text-mint.jpg]
[www.imperial.ac.uk/study/pg/why-imperial/reputation-and-rankings/index.html]
[pxl-imperialacuk.terminalfour.net/prod01/channel_2/media/migration/under-construction/imp-prospectus2021-ja-0211_1619529645358_x4.jpg]
[www.imperial.ac.uk/study/pg/why-imperial/research-excellence/index.html]
[www.imperial.ac.uk/study/pg/why-imperial/professional-development/index.html]
[www.imperial.ac.uk/study/pg/why-imperial/global-opportunities/index.html]
[pxl-imperialacuk.terminalfour.net/prod01/channel_2/media/images/landscape-3000X2000/UGP2022-Student-profile-on-Exhibition-Road.jpg]
[www.imperial.ac.uk/study/pg/why-imperial/career-success/index.html]
[www.imperial.ac.uk/study/pg/why-imperial/career-success/careers-service/index.html]
[www.imperial.ac.uk/study/study-guide/index.html]
[www.imperial.ac.uk/study/pg/why-imperial/career-success/teaching-opportunities/index.html]
[www.imperial.ac.uk/study/pg/why-imperial/central-london-location/index.html]
[www.imperial.ac.uk/study/pg/why-imperial/career-success/entrepreneurship/index.html]
[www.imperial.ac.uk/study/pg/why-imperial/career-success/volunteering/index.html]
[pxl-imperialacuk.terminalfour.net/fit-in/1440x579/prod01/channel_2/media/images/banner-left-block-3000X1200/3000X1200-Your-Next-Move-01-SRM.jpg]
[www.imperial.ac.uk/study/pg/why-imperial/supportive-environment/index.html]
[www.imperial.ac.uk/study/pg/why-imperial/supportive-environment/learning-resources/index.html]
[pxl-imperialacuk.terminalfour.net/fit-in/720x462/prod01/channel_2/media/migration/study/170117-paediatric-microbiome-051-211057-001_1631872436885_x4.jpg]
[pxl-imperialacuk.terminalfour.net/fit-in/720x462/prod01/channel_2/media/migration/study/queens-tower-01_1632140729020_x4.jpg]
[www.imperial.ac.uk/study/pg/why-imperial/supportive-environment/academic-support/index.html]
[pxl-imperialacuk.terminalfour.net/fit-in/194x167/prod01/channel_2/media/migration/study/Deesha-2--t_1529664252705_x2[1]--tojpeg_1546966650041_x4.jpg]
[pxl-imperialacuk.terminalfour.net/fit-in/194x167/prod01/channel_2/media/migration/study/Dr-Anna-Regoutz--001-(Feb-2018)--t_1529487652287_x2--tojpeg_1546866477655_x4.jpg]
[www.imperial.ac.uk/study/pg/why-imperial/supportive-environment/health-and-wellbeing/index.html]
[www.imperial.ac.uk/study/pg/why-imperial/supportive-environment/graduate-school-support/index.html]
[pxl-imperialacuk.terminalfour.net/fit-in/194x167/prod01/channel_2/media/migration/study/Claire-Fletcher--t_1542187844022_x2--tojpeg_1546866557839_x4.jpg]
[pxl-imperialacuk.terminalfour.net/fit-in/194x167/prod01/channel_2/media/migration/study/IMG_0018-JPG--t_1528275530168_x1--tojpeg_1546866298255_x4.jpg]
[pxl-imperialacuk.terminalfour.net/fit-in/194x167/prod01/channel_2/media/migration/study/Paula---Copy--t_1519990733183_x1--tojpeg_1546866402313_x4.jpg]
[pxl-imperialacuk.terminalfour.net/fit-in/194x167/prod01/channel_2/media/migration/study/Professor-Molly-Stevens---May-2014-2--t_1528878409657_x2--tojpeg_1546866664728_x4.jpg]
[www.imperial.ac.uk/study/pg/index.html]
[www.imperial.ac.uk/study/pg/why-imperial/supportive-environment/support-for-international-students/index.html]
[www.imperial.ac.uk/study/pg/why-imperial/supportive-environment/imperial-college-union-support/index.html]
[www.imperial.ac.uk/study/pg/apply/about-our-degrees/about-our-masters-qualifications/index.html]
[www.imperial.ac.uk/study/pg/courses/index.html]
[www.imperial.ac.uk/study/pg/apply/about-our-degrees/about-our-masters-qualifications/potential-course-changes/index.html]
[www.imperial.ac.uk/study/pg/apply/about-our-degrees/about-our-masters-qualifications/masters-study-experience/index.html]
[www.imperial.ac.uk/study/pg/why-imperial/supportive-environment/support-for-disabled-students/index.html]
[www.imperial.ac.uk/study/pg/apply/about-our-degrees/index.html]
[www.imperial.ac.uk/study/pg/apply/about-our-degrees/about-our-masters-qualifications/cert-dip-msc-degrees/index.html]
[pxl-imperialacuk.terminalfour.net/fit-in/453x290/prod01/channel_2/media/migration/study/180316_baum_laboratory_092--tojpeg_1536238659997_x4.jpg]
[www.imperial.ac.uk/study/pg/apply/about-our-degrees/about-our-doctoral-qualifications/index.html]
[pxl-imperialacuk.terminalfour.net/fit-in/453x290/prod01/channel_2/media/migration/study/160307_robert_hesketh_hepatology_clinic_001_190036_001--tojpeg_1536238963430_x4.jpg]
[www.imperial.ac.uk/study/pg/apply/about-our-degrees/about-our-doctoral-qualifications/doctoral-study-experience/index.html]
[pxl-imperialacuk.terminalfour.net/fit-in/453x290/prod01/channel_2/media/migration/study/180726_silwood_gillgroup_kenna_daniel_015--tojpeg_1536239162711_x4.jpg]
[pxl-imperialacuk.terminalfour.net/prod01/channel_2/media/migration/study/180301_snow_day_south_ken_033--tojpeg_1536307814297_x4.jpg]
[www.imperial.ac.uk/study/pg/courses/doctoral-courses/index.html]
[www.imperial.ac.uk/study/pg/apply/requirements/pgacademic/index.html]
[www.imperial.ac.uk/study/pg/apply/requirements/english/index.html]
[www.imperial.ac.uk/study/pg/apply/requirements/index.html]
[www.imperial.ac.uk/study/pg/apply/how-to-apply/index.html]
[www.imperial.ac.uk/study/pg/apply/how-to-apply/apply-for-a-masters-course/index.html]
[www.imperial.ac.uk/study/pg/apply/how-to-apply/apply-for-a-research-programme-/index.html]
[www.imperial.ac.uk/study/pg/apply/how-to-apply/apply-for-a-research-programme-/find-a-doctoral-course/index.html]
[pxl-imperialacuk.terminalfour.net/fit-in/1079x305/prod01/channel_2/media/migration/study/Beit-Hall--tojpeg_1417534255716_x4.1de.delayed]
[www.imperial.ac.uk/study/pg/apply/how-to-apply/apply-for-a-research-programme-/split-phd/index.html]
[www.imperial.ac.uk/study/pg/apply/how-to-apply/apply-for-a-research-programme-/partner-research-institution-pri-scheme/index.html]
[www.imperial.ac.uk/study/pg/apply/index.html]
[www.imperial.ac.uk/study/pg/apply/how-to-apply/visiting/index.html]
[www.imperial.ac.uk/study/pg/apply/selection/index.html]
[www.imperial.ac.uk/study/pg/apply/how-to-apply/apply-for-a-research-programme-/advanced-standing/index.html]
[www.imperial.ac.uk/study/pg/apply/how-to-apply/prior-learning/index.html]
[www.imperial.ac.uk/study/pg/apply/selection/admissions-policies/index.html]
[www.imperial.ac.uk/study/pg/apply/after-you-apply/index.html]
[www.imperial.ac.uk/media/migration/study/Imperial_RioTinto_project_b_021--tojpeg_1457011394462_x2.jpg]
[pxl-imperialacuk.terminalfour.net/fit-in/446x285/prod01/channel_2/media/migration/study/Imperial11_11-041--tojpeg_1417623810425_x4.jpg]
[pxl-imperialacuk.terminalfour.net/fit-in/446x285/prod01/channel_2/media/migration/study/why-imperial-3-Professional-development--tojpeg_1573642673254_x4.jpg]
[pxl-imperialacuk.terminalfour.net/fit-in/446x285/prod01/channel_2/media/migration/study/ICL_CEE_Scholars-004--tojpeg_1417624111751_x4.jpg]
[www.imperial.ac.uk/study/pg/apply/after-you-apply/conditions/index.html]
[www.imperial.ac.uk/study/pg/apply/after-you-apply/cas/index.html]
[pxl-imperialacuk.terminalfour.net/fit-in/446x285/prod01/channel_2/media/migration/study/131122_imp_scholars_julj_013--tojpeg_1417624284778_x4.jpg]
[pxl-imperialacuk.terminalfour.net/prod01/channel_2/media/migration/administration-and-support-services/Terms-Conditions-e1369047329104--tojpeg_1445858042762_x4.jpg]
[www.imperial.ac.uk/study/pg/fees-and-funding/index.html]
[www.imperial.ac.uk/study/pg/apply/fees/application-fees/index.html]
[www.imperial.ac.uk/study/pg/apply/fees/fee-status/index.html]
[www.imperial.ac.uk/study/pg/apply/after-you-apply/visa/index.html]
[www.imperial.ac.uk/study/pg/apply/fees/index.html]
[www.imperial.ac.uk/study/pg/apply/register/index.html]
[www.imperial.ac.uk/study/pg/apply/register/uploading-your-visa/index.html]
[www.imperial.ac.uk/study/pg/apply/register/brp/index.html]
[pxl-imperialacuk.terminalfour.net/fit-in/1079x305/prod01/channel_2/media/migration/study/150306_silwood_accomm_012--tojpeg_1428588979067_x4.jpg]
[pxl-imperialacuk.terminalfour.net/fit-in/687x378/prod01/channel_2/media/migration/study/140812_imp_pg_accom_133--tojpeg_1426173365333_x4.jpg]
[www.imperial.ac.uk/study/pg/apply/contact/faq/index.html]
[www.imperial.ac.uk/study/pg/apply/contact/index.html]
[pxl-imperialacuk.terminalfour.net/fit-in/687x378/prod01/channel_2/media/migration/study/140812_imp_pg_accom_105--tojpeg_1426173192843_x4.jpg]
[www.imperial.ac.uk/students/accommodation/prospective/pg/index.html]
[www.imperial.ac.uk/study/pg/fees-and-funding/tuition-fees/index.html]
[www.imperial.ac.uk/study/pg/fees-and-funding/tuition-fees/fee-status/index.html]
[www.imperial.ac.uk/study/pg/fees-and-funding/tuition-fees/payment-terms/how-to-pay/index.html]
[www.imperial.ac.uk/study/pg/fees-and-funding/tuition-fees/payment-terms/index.html]
[www.imperial.ac.uk/study/pg/fees-and-funding/tuition-fees/payment-terms/how-to-pay/scams/index.html]
[www.imperial.ac.uk/media/migration/study/000180514-campus-general-032_1615214457082_x2.jpg]
[www.imperial.ac.uk/study/pg/fees-and-funding/tuition-fees/payment-terms/postgraduates/index.html]
